00:06:36 **** Incremental Build of configuration Debug for project UART_2_DMX ****
make -j12 all 
arm-none-eabi-gcc "../Core/Src/main.c" -mcpu=cortex-m4 -std=gnu11 -g3 -DDEBUG -DUSE_HAL_DRIVER -DSTM32L476xx -c -I../Core/Inc -I../Drivers/STM32L4xx_HAL_Driver/Inc -I../Drivers/STM32L4xx_HAL_Driver/Inc/Legacy -I../Drivers/CMSIS/Device/ST/STM32L4xx/Include -I../Drivers/CMSIS/Include -O0 -ffunction-sections -fdata-sections -Wall -fstack-usage -fcyclomatic-complexity -MMD -MP -MF"Core/Src/main.d" -MT"Core/Src/main.o" --specs=nano.specs -mfpu=fpv4-sp-d16 -mfloat-abi=hard -mthumb -o "Core/Src/main.o"
arm-none-eabi-gcc -o "UART_2_DMX.elf" @"objects.list"   -mcpu=cortex-m4 -T"/home/lcroce/Documents/projet_artnet_dmx/UART_2_DMX/UART_2_DMX/STM32L476RGTX_FLASH.ld" --specs=nosys.specs -Wl,-Map="UART_2_DMX.map" -Wl,--gc-sections -static --specs=nano.specs -mfpu=fpv4-sp-d16 -mfloat-abi=hard -mthumb -Wl,--start-group -lc -lm -Wl,--end-group
Finished building target: UART_2_DMX.elf
 
arm-none-eabi-size  UART_2_DMX.elf 
arm-none-eabi-objdump -h -S UART_2_DMX.elf  > "UART_2_DMX.list"
   text	   data	    bss	    dec	    hex	filename
  13988	     12	   2356	  16356	   3fe4	UART_2_DMX.elf
Finished building: default.size.stdout
 
Finished building: UART_2_DMX.list
 
00:06:41 **** Incremental Build of configuration Debug for project UART_2_DMX ****
make -j12 all 
arm-none-eabi-size  UART_2_DMX.elf 
   text	   data	    bss	    dec	    hex	filename
  13988	     12	   2356	  16356	   3fe4	UART_2_DMX.elf
Finished building: default.size.stdout
 
00:21:43 **** Incremental Build of configuration Debug for project UART_2_DMX ****
make -j12 all 
arm-none-eabi-gcc "../Core/Src/main.c" -mcpu=cortex-m4 -std=gnu11 -g3 -DDEBUG -DUSE_HAL_DRIVER -DSTM32L476xx -c -I../Core/Inc -I../Drivers/STM32L4xx_HAL_Driver/Inc -I../Drivers/STM32L4xx_HAL_Driver/Inc/Legacy -I../Drivers/CMSIS/Device/ST/STM32L4xx/Include -I../Drivers/CMSIS/Include -O0 -ffunction-sections -fdata-sections -Wall -fstack-usage -fcyclomatic-complexity -MMD -MP -MF"Core/Src/main.d" -MT"Core/Src/main.o" --specs=nano.specs -mfpu=fpv4-sp-d16 -mfloat-abi=hard -mthumb -o "Core/Src/main.o"
arm-none-eabi-gcc -o "UART_2_DMX.elf" @"objects.list"   -mcpu=cortex-m4 -T"/home/lcroce/Documents/projet_artnet_dmx/UART_2_DMX/UART_2_DMX/STM32L476RGTX_FLASH.ld" --specs=nosys.specs -Wl,-Map="UART_2_DMX.map" -Wl,--gc-sections -static --specs=nano.specs -mfpu=fpv4-sp-d16 -mfloat-abi=hard -mthumb -Wl,--start-group -lc -lm -Wl,--end-group
Finished building target: UART_2_DMX.elf
 
arm-none-eabi-size  UART_2_DMX.elf 
arm-none-eabi-objdump -h -S UART_2_DMX.elf  > "UART_2_DMX.list"
   text	   data	    bss	    dec	    hex	filename
  13988	     12	   2356	  16356	   3fe4	UART_2_DMX.elf
Finished building: default.size.stdout
 
Finished building: UART_2_DMX.list
 
00:22:44 **** Incremental Build of configuration Debug for project UART_2_DMX ****
make -j12 all 
arm-none-eabi-size  UART_2_DMX.elf 
   text	   data	    bss	    dec	    hex	filename
  13988	     12	   2356	  16356	   3fe4	UART_2_DMX.elf
Finished building: default.size.stdout
 
